
========================================================================
turns: 306   outcomes: answered=167  asked=37  conversation=21  declined=41  error=3  partial=37
refusal rate: 41/306 = 13%   upstream (publisher): 14   product limit: 1   avoidable: 26
expectation mismatches: 62

HONEST LIMITS - nothing could answer these, and each says which limit it hit:
  - [ADV-004] What will the weather be in Surat on 1 January 2030?
      A forecast does not reach 01 January 2030. The model forecast in this workspace runs 7 days ahead, through 26 

AVOIDABLE REFUSALS - these are ours to fix:
  - [F2-021] how humid will Chennai get this afternoon?
      That time window has already started or passed. I can check upcoming forecast hours; past observed conditions 
  - [F2M-007] What does the Surat agromet bulletin say and will it rain ther
      Task 1: No indexed passage matches that request in State composite agromet advisory bulletin / Surat / distric
  - [F5-006] What does the agromet advisory say for wheat in Ludhiana?
      The Ludhiana bulletin dated 2026-09-18 has no indexed passage matching wheat. No passage for another crop, sta
  - [F5-007] What is the mustard advisory for Bharatpur?
      The Bharatpur bulletin dated 2026-09-18 has no indexed passage matching mustard. No passage for another crop, 
  - [F5-008] What does the advisory say for a tea garden in Darjeeling?
      The Darjeeling bulletin dated 2026-09-18 has no indexed passage matching tea. No passage for another crop, sta
  - [F5-021] Is there any pest warning for cotton in the Bathinda agromet b
      No district agromet edition is indexed under that name. The corpus is keyed by the publisher's own district na
  - [F7-011] Which was India's hottest year on record?
      The stored district historical table carries rainfall, not district temperature, so no year range is asked for
  - [OFC-002] What changed in the latest IMD bulletin for Bihar?
      No indexed document is published for Bihar in this family. The state editions held here are Chhattisgarh, Guja
  - [OFC-005] Show me the warning situation across Maharashtra for the next 
      I cannot confirm a current official warning for Maharashtra. The retrieved CAP relay contains 2 messages; 0 pa
  - [OFC-009] Cyclone alerts for coastal Odisha districts?
      I cannot confirm a current official warning for Odisha. The retrieved CAP relay contains 2 messages; 0 pass th
  - [CTX-017] and in Assam?
      I cannot confirm a current official warning for Assam. The retrieved CAP relay contains 2 messages; 0 pass the
  - [CTX-019] and tomorrow morning?
      I could not retrieve a usable forecast for that window. Place read as Chandigarh, Chandigarh, Union Territory 
  - [CTX-029] and yesterday?
      That time window has already started or passed. I can check upcoming forecast hours; past observed conditions 
  - [ADV-003] What is the weather in London tomorrow?
      I could not retrieve a usable forecast for that window. Ban Sarkāri, Hoshiarpur, State of Punjab: I cannot pro
  - [ADV-021] What is the soil moisture in Ludhiana tomorrow?
      The requested research dataset or operation is not connected. Historical rainfall and national temperature ana
  - [ADV-022] What will the dew point be in Mussoorie tomorrow?
      The requested forecast parameters are not implemented: dewpoint_2m.
  - [ADV-023] What is the UV index in Chennai tomorrow?
      The requested forecast parameters are not implemented: uv_index.
  - [F4-005] Is there a cyclone warning in Odisha?
      I cannot confirm a current official warning for Odisha. The retrieved CAP relay contains 2 messages; 0 pass th
  - [F4-008] Is there a red alert anywhere in Assam?
      I cannot confirm a current official warning for Assam. The retrieved CAP relay contains 2 messages; 0 pass the
  - [F4-012] What does the IMD warning say for Tamil Nadu?
      I cannot confirm a current official warning for Tamil Nadu. The retrieved CAP relay contains 2 messages; 0 pas
  - [F4-016] Is there a hailstorm warning for Madhya Pradesh?
      I cannot confirm a current official warning for Madhya Pradesh. The retrieved CAP relay contains 2 messages; 0
  - [F4-020] Are there any weather warnings in Meghalaya today?
      I cannot confirm a current official warning for Meghalaya. The retrieved CAP relay contains 2 messages; 0 pass
  - [F3-005] How well did the forecast verify for Pune last week?
      ERA5 hourly reanalysis is published with about a five-day delay, so a window ending after 2026-09-15 cannot be
  - [F3-011] What is the ensemble range for temperature in Ahmedabad?
      The retrieved evidence expired while the response was being prepared. Please ask again for a fresh answer.
  - [F3-012] Has the forecast for Surat changed since yesterday's run?
      Best-match may include GFS upstream. These are not independent confirmations, and agreement does not establish
  - [F8-002] What is the wave height off Mumbai this weekend?
      No verified marine evidence could be retrieved. Mumbai, State of Mahārāshtra: Worker supports 1–7 whole days

not what the scenario expected:
  [F2-019 t1] what will humidity be like in Kochi tomorrow?
      got asked, wanted answered|partial :: Which place do you mean? Kochi, Ernākulam, State of Kerala / Kochi, Yavatmal, State of Mah
  [F2-021 t1] how humid will Chennai get this afternoon?
      got declined, wanted answered|partial :: That time window has already started or passed. I can check upcoming forecast hours; past 
  [F2-023 t1] weekend forecast for Manali please
      got asked, wanted answered|partial :: Which place do you mean? Manāli, Kulu, State of Himāchal Pradesh / Manali, Chennai, State 
  [F2M-003 t1] Delhi air quality today and temperature tomorrow
      got asked, wanted answered|partial :: answer does not contain 'delhi'
  [F2M-004 t1] What is it like in Kochi now and what will it be like th
      got asked, wanted answered|partial :: Task 1: The nearest station to Kochi, COCHIN 27.9 km away, reported 4.0 kt wind and 1011.0
  [F2M-007 t1] What does the Surat agromet bulletin say and will it rai
      got declined, wanted answered|partial :: Task 1: No indexed passage matches that request in State composite agromet advisory bullet
  [F5-002 t1] What is the cotton advisory in Rajkot this week?
      got partial, wanted answered|declined :: The live district bulletin could not be verified (Bulletin retrieval is unavailable: Print
  [F5-004 t1] What does the agromet bulletin advise for paddy in West 
      got partial, wanted answered|declined :: The live district bulletin could not be verified (Bulletin retrieval is unavailable: Print
  [F5-009 t1] Is there an agromet advisory for apple orchards in Shiml
      got partial, wanted answered|declined :: From the Shimla, Himachal Pradesh bulletin issued 2026-09-18, for apple:

Bulletin context
  [F5-011 t1] Is tomorrow morning good for spraying pesticide in Nashi
      got asked, wanted answered|declined :: Which crop and growth stage are involved? I can retrieve the district bulletin and relevan
  [F5-014 t1] When should I sow chickpea in Indore?
      got partial, wanted answered|declined :: The live district bulletin could not be verified (Bulletin retrieval is unavailable: Print
  [F5-015 t1] Is the heat a risk to my cattle in Bikaner?
      got asked, wanted answered|declined :: Which place do you mean? Bīkaner, Rewari District, State of Haryāna / Bikaner, Bikaner Dis
  [F5-016 t1] What does the agromet advisory say for chilli farmers in
      got partial, wanted answered|declined :: The live district bulletin could not be verified (Bulletin retrieval is unavailable: Bulle
  [F5-018 t1] What does the bulletin advise for coffee estates in Chik
      got error, wanted answered|declined :: timeout: timed out
  [F5-019 t1] My wheat is at grain-filling stage in Patiala — is there
      got error, wanted answered|declined :: The assistant has been busy longer than the queue allows. Try again shortly.
  [F5-020 t1] Should I delay sowing rabi onion in Ahmednagar given the
      got error, wanted answered|declined :: The assistant has been busy longer than the queue allows. Try again shortly.
  [F5-024 t1] My soybean is ready for harvest in Ujjain — will rain sp
      got partial, wanted answered|declined :: Task 1: The live district bulletin could not be verified (Bulletin retrieval is unavailabl
  [F7-007 t1] How much rain did Pune get in 2019?
      got declined, wanted answered|asked :: Pune, rainfall, 2019: The stored Pune, Maharashtra series covers 1901–2010, with 110 publi
  [F7-008 t1] What was Ahmedabad's annual rainfall in 2015?
      got declined, wanted answered|asked :: Ahmedabad, rainfall, 2015: The stored Ahmedabad, Gujarat series covers 1901–2010, with 110
  [F7-009 t1] How has India's annual rainfall changed over the last th
      got partial, wanted answered|declined :: India: recorded rainfall was 923.7–1286.0 mm in 1996 (published record, not a forecast).


  [F7-010 t1] Is India getting hotter over the past century?
      got partial, wanted answered|declined :: India: the annual temperature was 23.7984–25.7431 °C in 1901 (published record).

India, t
  [F7-011 t1] Which was India's hottest year on record?
      got declined, wanted answered :: expected at least 1 facts, got 0
  [F7-012 t1] Which was India's wettest year on record?
      got asked, wanted answered :: Which year or year range should I look up?
  [F7-015 t1] What will India's rainfall be in 2050?
      got conversation, wanted declined :: I could not write a conversational reply to that without stating something this workspace 
  [F7-019 t1] How much rain did Chennai receive in 2021?
      got declined, wanted answered|asked :: Chennai, rainfall, 2021: The stored Chennai, Tamil Nadu series covers 1901–2010, with 95 p
  [OFC-001 t1] Which districts in Gujarat are under an orange warning t
      got asked, wanted answered|partial|declined :: Which place do you mean? Gujāria, Chhotaudepur, State of Gujarāt / Gujarva, Sabarkantha, S
  [OFC-004 t1] Which districts are red-alert in Kerala?
      got asked, wanted answered|partial|declined :: Which place do you mean? Kerla, Pali District, State of Rājasthān / Kerāl, Jalore, State o
  [OFC-006 t1] Any heatwave warnings in force in Rajasthan?
      got asked, wanted answered|partial|declined :: Which place do you mean? Rājāsan, Vaishāli, State of Bihar / Rājatānr, Bokaro, State of Jh
  [OFC-007 t1] Which blocks of Patna district are affected?
      got conversation, wanted declined|asked :: I can look into that, but I need to know what the affected blocks refer to — for example a
  [F6-019 t1] ఈరోజు విజయవాడలో ఉష్ణోగ్రత ఎంత?
      got asked, wanted answered|partial :: ఏ ప్రదేశం గురించి అడుగుతున్నారు? Vijayawada, NTR, State of Andhra Pradesh / Vijayawāda, Ch
  [F6-026 t1] এখন দুর্গাপুরে আর্দ্রতা কত?
      got asked, wanted answered|partial :: কোন স্থান বলতে আপনি বোঝাতে চাইছেন? Durgāpur, Murshidabad, West Bengal / Durgāpur, Uttar Di
  [F6-034 t1] ಮಂಗಳೂರಿಗೆ ಯಾವುದಾದರೂ ಹವಾಮಾನ ಎಚ್ಚರಿಕೆ ಇದೆಯೇ?
      got asked, wanted answered|partial :: ಯಾವ ಸ್ಥಳಕ್ಕೆ? Mangaluru, Gulbarga, State of Karnataka / Mangalūru, Shimoga, State of Karna
  [F6-041 t1] നാളെ കൊച്ചിയിൽ മഴ പെയ്യുമോ?
      got asked, wanted answered|partial :: ഏത് സ്ഥലത്തെയാണ് പരാമർശിക്കുന്നത്? Kochi, Ernākulam, State of Kerala / Kochi, Yavatmal, St
  [CTX-009 t2] હવે ગુજરાતીમાં કહો
      got conversation, wanted answered|partial :: હું અહીં ઉપલબ્ધ હવામાન સાધનો અને મર્યાદાઓ વિશે જણાવી શકું છું; આ સામાન્ય માહિતી છે. કૃપા ક
  [CTX-011 t1] How much rain did Pune get in 2019?
      got declined, wanted answered|asked :: Pune, rainfall, 2019: The stored Pune, Maharashtra series covers 1901–2010, with 110 publi
  [CTX-011 t2] and in 2020?
      got declined, wanted answered|asked :: Pune, rainfall, 2020: The stored Pune, Maharashtra series covers 1901–2010, with 110 publi
  [CTX-012 t1] What does the cotton advisory say for Rajkot?
      got partial, wanted answered|declined :: The live district bulletin could not be verified (Bulletin retrieval is unavailable: Print
  [CTX-012 t2] and for groundnut?
      got partial, wanted answered|declined :: The live district bulletin could not be verified (Bulletin retrieval is unavailable: Print
  [CTX-019 t2] and tomorrow morning?
      got declined, wanted answered|partial :: I could not retrieve a usable forecast for that window. Place read as Chandigarh, Chandiga
  [CTX-023 t2] and rain in the city?
      got declined, wanted answered|partial :: This question asks for precipitation, which this product does not supply. Wave height, dir
  [CTX-026 t2] and the rest of Bihar?
      got asked, wanted answered|partial|declined :: Which place do you mean? Bihār, Dehradun, State of Uttarākhand / Bihār, Ferrukhabad, Uttar
  [ADV-008 t1] Should I spray pesticide in Nashik tomorrow morning?
      got asked, wanted answered|declined :: Which crop and growth stage are involved? I can retrieve the district bulletin and relevan
  [ADV-015 t1] asdkjh qwkjdhs
      got conversation, wanted asked|declined :: I couldn't make sense of that message. Could you rephrase it? I can help with weather ques
  [ADV-016 t1] ???
      got conversation, wanted asked|declined :: I'm not sure what you're asking — could you rephrase? I can help with weather questions, f
  [ADV-019 t1] weather
      got conversation, wanted asked :: I can check the weather for you. Tell me the place and the day you have in mind, and wheth
  [ADV-024 t1] What is the pollen count in Delhi today?
      got conversation, wanted declined|asked :: I can't provide a pollen count. This workspace does not have a pollen source connected, so
  [F4-002 t1] Are there any weather warnings in Kerala today?
      got asked, wanted answered|partial|declined :: Which place do you mean? Kerla, Pali District, State of Rājasthān / Kerāl, Jalore, State o
  [F4-013 t1] Is there a flood warning in Bihar?
      got asked, wanted answered|partial|declined :: Which place do you mean? Bihār, Dehradun, State of Uttarākhand / Bihār, Ferrukhabad, Uttar
  [F4-014 t1] Is there a cold wave warning for Punjab this week?
      got asked, wanted answered|partial|declined :: Which place do you mean? Punjāmb, Kālāhandi, State of Odisha / Punja, District Etawah, Utt
  [F4-015 t1] Any dust storm warning for Rajasthan today?
      got asked, wanted answered|partial|declined :: Which place do you mean? Rājāsan, Vaishāli, State of Bihar / Rājatānr, Bokaro, State of Jh
  [F4-018 t1] What are all the current warnings for Gujarat?
      got asked, wanted answered|partial|declined :: Which place do you mean? Gujāria, Chhotaudepur, State of Gujarāt / Gujarva, Sabarkantha, S
  [F4-022 t1] What warnings are in force for the hill districts of Utt
      got asked, wanted answered|partial|declined :: Which place do you mean? Uttaramkhandrika, Tirupati, State of Andhra Pradesh / Uttarabad, 
  [F4-023 t1] Is there a squall warning for the Konkan coast?
      got asked, wanted answered|partial|declined :: A coast or a sea area is not a district, so the official district warning product has noth
  [F3-002 t1] What is the ensemble spread for Kochi tomorrow?
      got asked, wanted answered|partial|declined :: Which place do you mean? Kochi, Ernākulam, State of Kerala / Kochi, Yavatmal, State of Mah
  [F3-009 t1] Is the forecast for Jaipur from a model or a station?
      got conversation, wanted answered|partial|declined :: I can't say which source backs a Jaipur forecast from here. My workspace lists registered 
  [F8-002 t1] What is the wave height off Mumbai this weekend?
      got declined, wanted answered|partial :: No verified marine evidence could be retrieved. Mumbai, State of Mahārāshtra: Worker suppo
  [F8-010 t1] What is the current weather at Delhi airport?
      got asked, wanted answered|partial|declined :: Which Indian airport? Give its four-letter ICAO code, such as VAAH for Ahmedabad airport. 
  [F8-012 t1] TAF for Bengaluru airport
      got asked, wanted answered|partial|declined :: Which Indian airport? Give its four-letter ICAO code, such as VAAH for Ahmedabad airport. 
  [F8-013 t1] Is flight AI-101 on time?
      got conversation, wanted declined :: I can't check flight status here — this workspace covers local weather, not airline schedu
  [F8-014 t1] What are the flying conditions at Chennai airport this e
      got asked, wanted answered|partial|declined :: Which Indian airport? Give its four-letter ICAO code, such as VAAH for Ahmedabad airport. 
  [F8-019 t1] What is the PM2.5 in Lucknow this week?
      got declined, wanted answered|partial :: The task could not retrieve verified evidence: Air-quality detail supports up to 48 hours 
  [F8-020 t1] What is the sea area forecast for the Arabian Sea?
      got partial, wanted asked|declined :: Indexed published documents, not forecasts or current warnings:

Editions compared for RSM
